Vercel CLI 59.7.0 (Node.js 22.14.0)
Retrieving project…
Deploying junkusanos-projects/famille-shift-matching
Uploading [--------------------] (0.0B/32KB)
Uploading [=====---------------] (8.2KB/32KB)
Uploading [===============-----] (25.4KB/32KB)
Uploading [====================] (32.0KB/32KB)
  Inspect         https://vercel.com/junkusanos-projects/famille-shift-matching/FaoT5CxpKp6b9zZg46auQPgdQRAK
▲ Production      https://famille-shift-matching-id0lldefg-junkusanos-projects.vercel.app
Building…
Building…
Running build in Washington, D.C., USA (East) – iad1
Build machine configuration: 4 cores, 8 GB
Retrieving list of deployment files...
Downloading 1155 deployment files...
Restored build cache from previous deployment (7MZCotSMfVF5xYzBQhjgF72QvpPf)
Running "vercel build"
Vercel CLI 59.11.7
Detected `pnpm-lock.yaml` 9 which may be generated by pnpm@9.x, pnpm@10.x, or pnpm@11.x
Using pnpm@10.x based on project creation date
To use a different version, set package.json#packageManager or package.json#devEngines.packageManager
Installing dependencies...
Lockfile is up to date, resolution step is skipped
Already up to date
╭ Warning ─────────────────────────────────────────────────────────────────────╮
│                                                                              │
│   Ignored build scripts: canvas@2.11.2, sharp@0.34.5,                        │
│   unrs-resolver@1.12.2.                                                      │
│   Run "pnpm approve-builds" to pick which dependencies should be allowed     │
│   to run scripts.                                                            │
│                                                                              │
╰──────────────────────────────────────────────────────────────────────────────╯
Done in 1.1s using pnpm v10.28.0
Detected Next.js version: 15.5.23
Running "pnpm run build"
> famille_shift_matching@0.1.0 build /vercel/path0
> next build
▲ Next.js 15.5.23
Creating an optimized production build ...
✓ Compiled successfully in 43s
Skipping validation of types
Skipping linting
Collecting page data ...
Generating static pages (0/255) ...
Generating static pages (63/255)
Generating static pages (127/255)
Generating static pages (191/255)
✓ Generating static pages (255/255)
Finalizing page optimization ...
Collecting build traces ...
Route (app)                                                             Size  First Load JS
┌ ○ /                                                                3.23 kB         180 kB
├ ○ /_not-found                                                         1 kB         105 kB
├ ○ /account                                                         1.09 kB         169 kB
├ ƒ /api/admin/expense-claims                                        1.01 kB         105 kB
├ ƒ /api/admin/expense-claims/[id]                                   1.01 kB         105 kB
├ ƒ /api/admin/health-check-results                                  1.01 kB         105 kB
├ ƒ /api/admin/knowledge/integrations/moneyforward                   1.01 kB         105 kB
├ ƒ /api/admin/knowledge/integrations/moneyforward/test              1.01 kB         105 kB
├ ƒ /api/admin/knowledge/items                                       1.01 kB         105 kB
├ ƒ /api/admin/knowledge/items/[id]                                  1.01 kB         105 kB
├ ƒ /api/admin/knowledge/runs                                        1.01 kB         105 kB
├ ƒ /api/admin/knowledge/search                                      1.01 kB         105 kB
├ ƒ /api/admin/knowledge/sources                                     1.01 kB         105 kB
├ ƒ /api/admin/knowledge/sources/[id]                                1.01 kB         105 kB
├ ƒ /api/admin/knowledge/sources/[id]/dry-run                        1.01 kB         105 kB
├ ƒ /api/admin/knowledge/sources/[id]/sync                           1.01 kB         105 kB
├ ƒ /api/admin/reentry-recruitment                                   1.01 kB         105 kB
├ ƒ /api/admin/staff-monthly-stats/rebuild                           1.01 kB         105 kB
├ ƒ /api/admin/staff-retirement-review                               1.01 kB         105 kB
├ ƒ /api/admin/taimee-job-settings                                   1.01 kB         105 kB
├ ƒ /api/admin/wordpress/migration/home/analyze                      1.01 kB         105 kB
├ ƒ /api/admin/wordpress/migration/home/draft                        1.01 kB         105 kB
├ ƒ /api/admin/wordpress/pages                                       1.01 kB         105 kB
├ ƒ /api/admin/wordpress/pages/[id]                                  1.01 kB         105 kB
├ ƒ /api/admin/wordpress/status                                      1.01 kB         105 kB
├ ƒ /api/advance-payment/history                                     1.01 kB         105 kB
├ ƒ /api/agent-playbooks                                             1.01 kB         105 kB
├ ƒ /api/agent-playbooks/[id]                                        1.01 kB         105 kB
├ ƒ /api/assessment                                                  1.01 kB         105 kB
├ ƒ /api/assessment/[id]                                             1.01 kB         105 kB
├ ƒ /api/assessment/[id]/auto-generate                               1.01 kB         105 kB
├ ƒ /api/assessment/by-client/[kaipokeCsId]/auto-generate            1.01 kB         105 kB
├ ƒ /api/assessment/clients                                          1.01 kB         105 kB
├ ƒ /api/assessment/meeting-minutes-summary                          1.01 kB         105 kB
├ ƒ /api/assessment/source-documents                                 1.01 kB         105 kB
├ ƒ /api/audit-log/update-penalty                                    1.01 kB         105 kB
├ ƒ /api/auth/callback                                               1.01 kB         105 kB
├ ƒ /api/auth/lineworks-2fa/request                                  1.01 kB         105 kB
├ ƒ /api/auth/lineworks-2fa/verify                                   1.01 kB         105 kB
├ ƒ /api/auth/reset-password-reinvite                                1.01 kB         105 kB
├ ƒ /api/bento/member                                                1.01 kB         105 kB
├ ƒ /api/callback/archives                                           1.01 kB         105 kB
├ ƒ /api/check-lineworks-user                                        1.01 kB         105 kB
├ ƒ /api/client-menu-beta/clients                                    1.01 kB         105 kB
├ ƒ /api/cm/contracts/webhook/digisigner                             1.01 kB         105 kB
├ ƒ /api/cm/fax                                                      1.01 kB         105 kB
├ ƒ /api/cm/fax/[id]                                                 1.01 kB         105 kB
├ ƒ /api/cm/fax/[id]/offices                                         1.01 kB         105 kB
├ ƒ /api/cm/fax/documents                                            1.01 kB         105 kB
├ ƒ /api/cm/fax/documents/[id]/pages                                 1.01 kB         105 kB
├ ƒ /api/cm/fax/offices                                              1.01 kB         105 kB
├ ƒ /api/cm/fax/pdf/[fileId]                                         1.01 kB         105 kB
├ ƒ /api/cm/fax/stats                                                1.01 kB         105 kB
├ ƒ /api/cm/plaud/error-logs                                         1.01 kB         105 kB
├ ƒ /api/cm/plaud/transcriptions/approved                            1.01 kB         105 kB
├ ƒ /api/cm/plaud/transcriptions/register                            1.01 kB         105 kB
├ ƒ /api/cm/plaud/transcriptions/update                              1.01 kB         105 kB
├ ƒ /api/cm/rpa/credentials                                          1.01 kB         105 kB
├ ƒ /api/cm/rpa/jobs                                                 1.01 kB         105 kB
├ ƒ /api/cm/rpa/jobs/[id]                                            1.01 kB         105 kB
├ ƒ /api/cm/rpa/jobs/[id]/items                                      1.01 kB         105 kB
├ ƒ /api/cm/rpa/jobs/master                                          1.01 kB         105 kB
├ ƒ /api/cm/rpa/jobs/next                                            1.01 kB         105 kB
├ ƒ /api/cm/rpa/kaipoke/client-info                                  1.01 kB         105 kB
├ ƒ /api/cm/rpa/kaipoke/other-office                                 1.01 kB         105 kB
├ ƒ /api/cm/rpa/kaipoke/service-usage                                1.01 kB         105 kB
├ ƒ /api/cm/rpa/kaipoke/staff-info                                   1.01 kB         105 kB
├ ƒ /api/cm/rpa/logs                                                 1.01 kB         105 kB
├ ƒ /api/cron/alert-check-excuse                                     1.01 kB         105 kB
├ ƒ /api/cron/alert-cs-contract-plan                                 1.01 kB         105 kB
├ ƒ /api/cron/alert-disability-check-collected                       1.01 kB         105 kB
├ ƒ /api/cron/alert-event-task                                       1.01 kB         105 kB
├ ƒ /api/cron/alert-fax-unhandled                                    1.01 kB         105 kB
├ ƒ /api/cron/alert-kaipoke-cs-fax                                   1.01 kB         105 kB
├ ƒ /api/cron/alert-kaipoke-parking-place                            1.01 kB         105 kB
├ ƒ /api/cron/alert-kodoengo-plan-link                               1.01 kB         105 kB
├ ƒ /api/cron/alert-lw-aichan-bot                                    1.01 kB         105 kB
├ ƒ /api/cron/alert-lw-user-group-missing                            1.01 kB         105 kB
├ ƒ /api/cron/alert-monthly-meeting-unchecked                        1.01 kB         105 kB
├ ƒ /api/cron/alert-postal-code                                      1.01 kB         105 kB
├ ƒ /api/cron/alert-reset-cs-contract-plan                           1.01 kB         105 kB
├ ƒ /api/cron/alert-reset-disability-check-collected                 1.01 kB         105 kB
├ ƒ /api/cron/alert-reset-event-task                                 1.01 kB         105 kB
├ ƒ /api/cron/alert-reset-kaipoke-cs-fax                             1.01 kB         105 kB
├ ƒ /api/cron/alert-reset-kaipoke-parking-place                      1.01 kB         105 kB
├ ƒ /api/cron/alert-reset-kodoengo-plan-link                         1.01 kB         105 kB
├ ƒ /api/cron/alert-reset-lw-aichan-bot                              1.01 kB         105 kB
├ ƒ /api/cron/alert-reset-lw-user-group-missing                      1.01 kB         105 kB
├ ƒ /api/cron/alert-reset-monthly-meeting-unchecked                  1.01 kB         105 kB
├ ƒ /api/cron/alert-reset-resigner-shift                             1.01 kB         105 kB
├ ƒ /api/cron/alert-reset-shift-cert                                 1.01 kB         105 kB
├ ƒ /api/cron/alert-reset-shift-record-unfinished                    1.01 kB         105 kB
├ ƒ /api/cron/alert-reset-shift-trans-info                           1.01 kB         105 kB
├ ƒ /api/cron/alert-reset-system-open                                1.01 kB         105 kB
├ ƒ /api/cron/alert-resigner-shift                                   1.01 kB         105 kB
├ ƒ /api/cron/alert-shift-cert                                       1.01 kB         105 kB
├ ƒ /api/cron/alert-shift-record-unfinished                          1.01 kB         105 kB
├ ƒ /api/cron/alert-shift-trans-info                                 1.01 kB         105 kB
├ ƒ /api/cron/alert-shogai-jukyusha-renewal                          1.01 kB         105 kB
├ ƒ /api/cron/analyzeAndAlert                                        1.01 kB         105 kB
├ ƒ /api/cron/auto_assign_jisseki_staff                              1.01 kB         105 kB
├ ƒ /api/cron/cm/alert-batch                                         1.01 kB         105 kB
├ ƒ /api/cron/cm/log-retention                                       1.01 kB         105 kB
├ ƒ /api/cron/cm/scheduled-jobs                                      1.01 kB         105 kB
├ ƒ /api/cron/cs_docs_sync_to_kaipokeinfo                            1.01 kB         105 kB
├ ƒ /api/cron/cs-docs-judge-logics                                   1.01 kB         105 kB
├ ƒ /api/cron/disability-check-collected                             1.01 kB         105 kB
├ ƒ /api/cron/disability-check-daily                                 1.01 kB         105 kB
├ ƒ /api/cron/disability-check-jisseki                               1.01 kB         105 kB
├ ƒ /api/cron/dispatch-rpa-from-digisign-request                     1.01 kB         105 kB
├ ƒ /api/cron/entry-attachment-reconcile                             1.01 kB         105 kB
├ ƒ /api/cron/google-calendar-sync                                   1.01 kB         105 kB
├ ƒ /api/cron/google-maps-distance                                   1.01 kB         105 kB
├ ƒ /api/cron/health-check-reminder                                  1.01 kB         105 kB
├ ƒ /api/cron/holiday-shift-check                                    1.01 kB         105 kB
├ ƒ /api/cron/kaipoke_user_auto_add                                  1.01 kB         105 kB
├ ƒ /api/cron/knowledge-automation                                   1.01 kB         105 kB
├ ƒ /api/cron/knowledge-sync                                         1.01 kB         105 kB
├ ƒ /api/cron/monthly-meeting-unchecked-alertbar                     1.01 kB         105 kB
├ ƒ /api/cron/monthly-meeting-unchecked-lineworks                    1.01 kB         105 kB
├ ƒ /api/cron/open-saseki-jobs                                       1.01 kB         105 kB
├ ƒ /api/cron/open-sharefull-jobs                                    1.01 kB         105 kB
├ ƒ /api/cron/open-taimee-jobs                                       1.01 kB         105 kB
├ ƒ /api/cron/open-unqualified-manager-jobs                          1.01 kB         105 kB
├ ƒ /api/cron/open-unqualified-taimee-jobs                           1.01 kB         105 kB
├ ƒ /api/cron/plaud-support-progress-summary                         1.01 kB         105 kB
├ ƒ /api/cron/refreshAccessToken                                     1.01 kB         105 kB
├ ƒ /api/cron/rpa-log-retention                                      1.01 kB         105 kB
├ ƒ /api/cron/rpa-scheduler                                          1.01 kB         105 kB
├ ƒ /api/cron/shift-record-check                                     1.01 kB         105 kB
├ ƒ /api/cron/shift-staff-check                                      1.01 kB         105 kB
├ ƒ /api/cron/spot-offer-auto-request                                1.01 kB         105 kB
├ ƒ /api/cron/spot-offer-sync-check                                  1.01 kB         105 kB
├ ƒ /api/cron/staff-monthly-score-summaries                          1.01 kB         105 kB
├ ƒ /api/cron/staff-monthly-stats                                    1.01 kB         105 kB
├ ƒ /api/cron/sync-lineworks-levels                                  1.01 kB         105 kB
├ ƒ /api/cron/sync-lineworks-master-all                              1.01 kB         105 kB
├ ƒ /api/cron/sync-lineworks-orgs                                    1.01 kB         105 kB
├ ƒ /api/cron/sync-lineworks-positions                               1.01 kB         105 kB
├ ƒ /api/cron/sync-lineworks-users                                   1.01 kB         105 kB
├ ƒ /api/cron/tokutei-sum-order-clone                                1.01 kB         105 kB
├ ƒ /api/cron/training-goal-reminder                                 1.01 kB         105 kB
├ ƒ /api/cron/user_ojt                                               1.01 kB         105 kB
├ ƒ /api/cron/visit-record-daily-reminder                            1.01 kB         105 kB
├ ƒ /api/cs-docs/delete                                              1.01 kB         105 kB
├ ƒ /api/cs-docs/reprocess                                           1.01 kB         105 kB
├ ƒ /api/cs-docs/sync-from-documents                                 1.01 kB         105 kB
├ ƒ /api/cs-docs/update                                              1.01 kB         105 kB
├ ƒ /api/debug                                                       1.01 kB         105 kB
├ ƒ /api/debug/ping                                                  1.01 kB         105 kB
├ ƒ /api/defect-sum                                                  1.01 kB         105 kB
├ ƒ /api/delete-auth-user                                            1.01 kB         105 kB
├ ƒ /api/dialogflow/webhook                                          1.01 kB         105 kB
├ ƒ /api/disability-check                                            1.01 kB         105 kB
├ ƒ /api/disability-check-beta                                       1.01 kB         105 kB
├ ƒ /api/disability-check/staff-options                              1.01 kB         105 kB
├ ƒ /api/disability-check/update                                     1.01 kB         105 kB
├ ƒ /api/disability-check/update-ido-jukyusyasho                     1.01 kB         105 kB
├ ƒ /api/disability-check/update-jukyusha-nos                        1.01 kB         105 kB
├ ƒ /api/entry/attachments                                           1.01 kB         105 kB
├ ƒ /api/entry/auth                                                  1.01 kB         105 kB
├ ƒ /api/entry/reapply                                               1.01 kB         105 kB
├ ƒ /api/entry/submit                                                1.01 kB         105 kB
├ ƒ /api/event-tasks                                                 1.01 kB         105 kB
├ ƒ /api/event-tasks/[id]                                            1.01 kB         105 kB
├ ƒ /api/event-tasks/meta                                            1.01 kB         105 kB
├ ƒ /api/event-template                                              1.01 kB         105 kB
├ ƒ /api/event-template/[id]                                         1.01 kB         105 kB
├ ƒ /api/expense-claims/upload                                       1.01 kB         105 kB
├ ƒ /api/expense-reimbursement/csv                                   1.01 kB         105 kB
├ ƒ /api/expense-reimbursement/notify                                1.01 kB         105 kB
├ ƒ /api/fax                                                         1.01 kB         105 kB
├ ƒ /api/fax/[id]                                                    1.01 kB         105 kB
├ ƒ /api/faximo/send                                                 1.01 kB         105 kB
├ ƒ /api/google-calendar/oauth/callback                              1.01 kB         105 kB
├ ƒ /api/google-calendar/oauth/start                                 1.01 kB         105 kB
├ ƒ /api/google-calendar/register-calendars                          1.01 kB         105 kB
├ ƒ /api/google-calendar/test                                        1.01 kB         105 kB
├ ƒ /api/holiday-shifts                                              1.01 kB         105 kB
├ ƒ /api/integrations/moneyforward/callback                          1.01 kB         105 kB
├ ƒ /api/jisseki-beta/print                                          1.01 kB         105 kB
├ ƒ /api/jisseki/print                                               1.01 kB         105 kB
├ ƒ /api/kaipoke-info                                                1.01 kB         105 kB
├ ƒ /api/knowledge-automation/tasks                                  1.01 kB         105 kB
├ ƒ /api/knowledge-automation/tasks/[id]                             1.01 kB         105 kB
├ ƒ /api/knowledge-automation/tasks/[id]/run                         1.01 kB         105 kB
├ ƒ /api/lineworks/advance-payment-notify                            1.01 kB         105 kB
├ ƒ /api/lineworks/advance-payment-status-notify                     1.01 kB         105 kB
├ ƒ /api/lineworks/create-user                                       1.01 kB         105 kB
├ ƒ /api/lineworks/getLevels                                         1.01 kB         105 kB
├ ƒ /api/lineworks/getOrgUnits                                       1.01 kB         105 kB
├ ƒ /api/lineworks/getPositions                                      1.01 kB         105 kB
├ ƒ /api/lineworks/init-group                                        1.01 kB         105 kB
├ ƒ /api/lw_channel                                                  1.01 kB         105 kB
├ ƒ /api/lw-group-user-add                                           1.01 kB         105 kB
├ ƒ /api/lw-send-botmessage                                          1.01 kB         105 kB
├ ƒ /api/monitorings                                                 1.01 kB         105 kB
├ ƒ /api/monitorings/[id]                                            1.01 kB         105 kB
├ ƒ /api/monitorings/[id]/confirm                                    1.01 kB         105 kB
├ ƒ /api/monitorings/[id]/fax                                        1.01 kB         105 kB
├ ƒ /api/monitorings/[id]/generate                                   1.01 kB         105 kB
├ ƒ /api/monitorings/[id]/pdf                                        1.01 kB         105 kB
├ ƒ /api/monitorings/monthly-notice                                  1.01 kB         105 kB
├ ƒ /api/monitorings/preview                                         1.01 kB         105 kB
├ ƒ /api/monthly-meeting/attendance                                  1.01 kB         105 kB
├ ƒ /api/monthly-meeting/attendance/init                             1.01 kB         105 kB
├ ƒ /api/monthly-meeting/sync                                        1.01 kB         105 kB
├ ƒ /api/orgIcons                                                    1.01 kB         105 kB
├ ƒ /api/parking/cs_places                                           1.01 kB         105 kB
├ ƒ /api/parking/cs_places/[id]                                      1.01 kB         105 kB
├ ƒ /api/parking/cs_places/by-client                                 1.01 kB         105 kB
├ ƒ /api/parking/permit-apply                                        1.01 kB         105 kB
├ ƒ /api/parking/places                                              1.01 kB         105 kB
├ ƒ /api/phone                                                       1.01 kB         105 kB
├ ƒ /api/plan-services                                               1.01 kB         105 kB
├ ƒ /api/plan-services/[id]                                          1.01 kB         105 kB
├ ƒ /api/plans                                                       1.01 kB         105 kB
├ ƒ /api/plans/[id]                                                  1.01 kB         105 kB
├ ƒ /api/plans/[id]/pdf                                              1.01 kB         105 kB
├ ƒ /api/plans/generate                                              1.01 kB         105 kB
├ ƒ /api/portal/db_yomitori                                          1.01 kB         105 kB
├ ƒ /api/portal/my-score                                             1.01 kB         105 kB
├ ƒ /api/portal/salary-summary                                       1.01 kB         105 kB
├ ƒ /api/portal/shift-batch-reassign                                 1.01 kB         105 kB
├ ƒ /api/portal/training-goals/recalc-score                          1.01 kB         105 kB
├ ƒ /api/portal/user_notification_determination                      1.01 kB         105 kB
├ ƒ /api/portal/user_salary_monthly                                  1.01 kB         105 kB
├ ƒ /api/postal-district                                             1.01 kB         105 kB
├ ƒ /api/postal-district/[postal_code_3]                             1.01 kB         105 kB
├ ƒ /api/postal-districts                                            1.01 kB         105 kB
├ ƒ /api/public/expense-claims                                       1.01 kB         105 kB
├ ƒ /api/recording-transcripts                                       1.01 kB         105 kB
├ ƒ /api/recording-transcripts/[id]                                  1.01 kB         105 kB
├ ƒ /api/recording-transcripts/[id]/delete                           1.01 kB         105 kB
├ ƒ /api/recording-transcripts/[id]/edit                             1.01 kB         105 kB
├ ƒ /api/regular-shift-requests                                      1.01 kB         105 kB
├ ƒ /api/remind-email                                                1.01 kB         105 kB
├ ƒ /api/roster/shifts/[id]                                          1.01 kB         105 kB
├ ƒ /api/roster/weekly/bulk_deploy                                   1.01 kB         105 kB
├ ƒ /api/roster/weekly/deploy                                        1.01 kB         105 kB
├ ƒ /api/roster/weekly/expand                                        1.01 kB         105 kB
├ ƒ /api/roster/weekly/preview                                       1.01 kB         105 kB
├ ƒ /api/roster/weekly/templates                                     1.01 kB         105 kB
├ ƒ /api/roster/weekly/templates/bulk_delete                         1.01 kB         105 kB
├ ƒ /api/roster/weekly/templates/bulk_upsert                         1.01 kB         105 kB
├ ƒ /api/rpa/admin/job-definitions                                   1.01 kB         105 kB
├ ƒ /api/rpa/admin/jobs                                              1.01 kB         105 kB
├ ƒ /api/rpa/admin/runners                                           1.01 kB         105 kB
├ ƒ /api/rpa/client-lookup                                           1.01 kB         105 kB
├ ƒ /api/rpa/client-register                                         1.01 kB         105 kB
├ ƒ /api/rpa/client-update                                           1.01 kB         105 kB
├ ƒ /api/rpa/diagnostics                                             1.01 kB         105 kB
├ ƒ /api/rpa/events                                                  1.01 kB         105 kB
├ ƒ /api/rpa/form-entry-attachments                                  1.01 kB         105 kB
├ ƒ /api/rpa/job-presets                                             1.01 kB         105 kB
├ ƒ /api/rpa/jobs/[id]/complete                                      1.01 kB         105 kB
├ ƒ /api/rpa/jobs/[id]/fail                                          1.01 kB         105 kB
├ ƒ /api/rpa/jobs/claim                                              1.01 kB         105 kB
├ ƒ /api/rpa/lineworks/users/sync                                    1.01 kB         105 kB
├ ƒ /api/rpa/onboarding/documents                                    1.01 kB         105 kB
├ ƒ /api/rpa/onboarding/documents/[id]                               1.01 kB         105 kB
├ ƒ /api/rpa/onboarding/finalize                                     1.01 kB         105 kB
├ ƒ /api/rpa/onboarding/postal-codes                                 1.01 kB         105 kB
├ ƒ /api/rpa/recording-transcripts                                   1.01 kB         105 kB
├ ƒ /api/rpa/runner/heartbeat                                        1.01 kB         105 kB
├ ƒ /api/rpa/sharefull/candidates                                    1.01 kB         105 kB
├ ƒ /api/rpa/sharefull/cases                                         1.01 kB         105 kB
├ ƒ /api/rpa/sharefull/template-data                                 1.01 kB         105 kB
├ ƒ /api/rpa/sharefull/template-id                                   1.01 kB         105 kB
├ ƒ /api/rpa/sharefull/template-status                               1.01 kB         105 kB
├ ƒ /api/rpa/taimee/session                                          1.01 kB         105 kB
├ ƒ /api/rpa/taimee/sms/send                                         1.01 kB         105 kB
├ ƒ /api/rpa/taimee/sms/template                                     1.01 kB         105 kB
├ ƒ /api/rpa/taimee/workers                                          1.01 kB         105 kB
├ ƒ /api/secure-image                                                1.01 kB         105 kB
├ ƒ /api/send-contract-email                                         1.01 kB         105 kB
├ ƒ /api/send-email                                                  1.01 kB         105 kB
├ ƒ /api/send-entry-email                                            1.01 kB         105 kB
├ ƒ /api/send-nonemail-msg                                           1.01 kB         105 kB
├ ƒ /api/service-kinds                                               1.01 kB         105 kB
├ ƒ /api/shift-assign-after-rpa                                      1.01 kB         105 kB
├ ƒ /api/shift-coordinate-performance-test/custom-filter             1.01 kB         105 kB
├ ƒ /api/shift-coordinate-performance-test/initial-data              1.01 kB         105 kB
├ ƒ /api/shift-coordinate-rpa-request                                1.01 kB         105 kB
├ ƒ /api/shift-custom-view                                           1.01 kB         105 kB
├ ƒ /api/shift-reassign                                              1.01 kB         105 kB
├ ƒ /api/shift-record-def/category-l                                 1.01 kB         105 kB
├ ƒ /api/shift-record-def/category-l/[id]                            1.01 kB         105 kB
├ ƒ /api/shift-record-def/category-s                                 1.01 kB         105 kB
├ ƒ /api/shift-record-def/category-s/[id]                            1.01 kB         105 kB
├ ƒ /api/shift-record-def/item-defs                                  1.01 kB         105 kB
├ ƒ /api/shift-record-def/item-defs/[id]                             1.01 kB         105 kB
├ ƒ /api/shift-record-items                                          1.01 kB         105 kB
├ ƒ /api/shift-records                                               1.01 kB         105 kB
├ ƒ /api/shift-records/[id]                                          1.01 kB         105 kB
├ ƒ /api/shift-records/check                                         1.01 kB         105 kB
├ ƒ /api/shift-reject-performance-test/initial-data                  1.01 kB         105 kB
├ ƒ /api/shift-service-code                                          1.01 kB         105 kB
├ ƒ /api/shift-service-code/[id]                                     1.01 kB         105 kB
├ ƒ /api/shift-service-code/sync-from-shift                          1.01 kB         105 kB
├ ƒ /api/shift-sum                                                   1.01 kB         105 kB
├ ƒ /api/shift-wish                                                  1.01 kB         105 kB
├ ƒ /api/shift-wish/[id]                                             1.01 kB         105 kB
├ ƒ /api/shifts                                                      1.01 kB         105 kB
├ ƒ /api/sms/preview                                                 1.01 kB         105 kB
├ ƒ /api/sms/send                                                    1.01 kB         105 kB
├ ƒ /api/spot-offer/sukima-env                                       1.01 kB         105 kB
├ ƒ /api/spot-offer/withdraw                                         1.01 kB         105 kB
├ ƒ /api/spot/templates                                              1.01 kB         105 kB
├ ƒ /api/spot/templates/[core_id]                                    1.01 kB         105 kB
├ ƒ /api/table-view                                                  1.01 kB         105 kB
├ ƒ /api/taimee-applicants/[id]                                      1.01 kB         105 kB
├ ƒ /api/taimee-emp/delivery-status                                  1.01 kB         105 kB
├ ƒ /api/taimee-emp/list                                             1.01 kB         105 kB
├ ƒ /api/taimee-emp/save                                             1.01 kB         105 kB
├ ƒ /api/taimee-emp/send                                             1.01 kB         105 kB
├ ƒ /api/taimee-emp/settings                                         1.01 kB         105 kB
├ ƒ /api/taimee-emp/upload                                           1.01 kB         105 kB
├ ƒ /api/test-lineworks                                              1.01 kB         105 kB
├ ƒ /api/tokutei/sum-order                                           1.01 kB         105 kB
├ ƒ /api/training-goals/catalog                                      1.01 kB         105 kB
├ ƒ /api/training-goals/notify                                       1.01 kB         105 kB
├ ƒ /api/update-lw-userid                                            1.01 kB         105 kB
├ ƒ /api/upload                                                      1.01 kB         105 kB
├ ƒ /api/upload-lwuser_icon                                          1.01 kB         105 kB
├ ƒ /api/upload/meal-cost                                            1.01 kB         105 kB
├ ƒ /api/user-doc-master                                             1.01 kB         105 kB
├ ƒ /api/users                                                       1.01 kB         105 kB
├ ƒ /api/webhook                                                     1.01 kB         105 kB
├ ƒ /api/webhooks/twilio/reentry-status                              1.01 kB         105 kB
├ ƒ /api/wf-requests                                                 1.01 kB         105 kB
├ ƒ /api/wf-requests/[id]                                            1.01 kB         105 kB
├ ƒ /api/wf-requests/[id]/approve                                    1.01 kB         105 kB
├ ƒ /api/wf-requests/[id]/submit                                     1.01 kB         105 kB
├ ƒ /auth/callback                                                   1.01 kB         105 kB
├ ○ /cm-portal                                                       5.99 kB         180 kB
├ ○ /cm-portal/admin/alert-batch                                     6.06 kB         177 kB
├ ○ /cm-portal/audit                                                  128 kB         300 kB
├ ○ /cm-portal/audit/flow                                            6.21 kB         181 kB
├ ƒ /cm-portal/audit/logs                                            5.75 kB         109 kB
├ ○ /cm-portal/audit/operations                                      5.79 kB         180 kB
├ ƒ /cm-portal/clients                                               5.68 kB         109 kB
├ ƒ /cm-portal/clients/[id]                                          14.6 kB         186 kB
├ ƒ /cm-portal/clients/[id]/consent                                  6.17 kB         178 kB
├ ƒ /cm-portal/clients/[id]/contracts/[contractId]                   6.31 kB         178 kB
├ ƒ /cm-portal/clients/[id]/contracts/[contractId]/sign              4.18 kB         176 kB
├ ƒ /cm-portal/clients/[id]/contracts/create                         12.2 kB         184 kB
├ ƒ /cm-portal/digisigner-webhook-logs                               5.31 kB         109 kB
├ ○ /cm-portal/fax                                                   7.85 kB         178 kB
├ ƒ /cm-portal/fax/[id]                                              16.3 kB         120 kB
├ ○ /cm-portal/hr-labor/bento                                          181 B         172 kB
├ ○ /cm-portal/hr-labor/health-check-results                         2.82 kB         171 kB
├ ○ /cm-portal/hr-labor/monthly-meeting-check                          180 B         173 kB
├ ○ /cm-portal/hr-labor/salary-slip                                    180 B         175 kB
├ ƒ /cm-portal/local-fax-phonebook                                   9.58 kB         178 kB
├ ○ /cm-portal/master/contract-templates                               170 B         107 kB
├ ƒ /cm-portal/master/contract-templates/[code]/edit                 4.65 kB         179 kB
├ ƒ /cm-portal/other-offices                                         5.76 kB         174 kB
├ ○ /cm-portal/plaud                                                 18.3 kB         186 kB
├ ƒ /cm-portal/recording-transcripts                                   143 B         178 kB
├ ○ /cm-portal/rpa-jobs                                              4.72 kB         173 kB
├ ƒ /cm-portal/rpa-jobs/schedules                                    8.31 kB         176 kB
├ ○ /cm-portal/rpa-logs                                              6.26 kB         174 kB
├ ƒ /cm-portal/service-credentials                                   8.06 kB         176 kB
├ ○ /entry                                                           7.52 kB         179 kB
├ ○ /entry/reapply                                                   1.81 kB         109 kB
├ ○ /expense-claim                                                   5.92 kB         113 kB
├ ○ /expense-reimbursement                                           2.38 kB         170 kB
├ ○ /lineworks-login-guide                                             183 B         112 kB
├ ○ /login                                                           3.78 kB         182 kB
├ ○ /portal                                                          15.3 kB         195 kB
├ ○ /portal/admin/health-check-results                               5.38 kB         173 kB
├ ○ /portal/admin/knowledge                                          9.16 kB         199 kB
├ ○ /portal/admin/knowledge/integrations                             4.84 kB         183 kB
├ ○ /portal/admin/knowledge/runs                                     4.17 kB         182 kB
├ ○ /portal/admin/knowledge/sources                                  5.86 kB         184 kB
├ ○ /portal/admin/monitoring-office-notice                           3.49 kB         172 kB
├ ○ /portal/admin/re-entry-recruitment                                4.7 kB         173 kB
├ ○ /portal/admin/rpa-job-definitions                                1.93 kB         170 kB
├ ○ /portal/admin/rpa-job-presets                                    2.07 kB         170 kB
├ ○ /portal/admin/rpa-progress                                       2.35 kB         170 kB
├ ○ /portal/admin/rpa-runners                                        4.44 kB         173 kB
├ ○ /portal/admin/taimee-job-settings                                2.78 kB         106 kB
├ ○ /portal/admin/website                                             9.2 kB         187 kB
├ ○ /portal/agent-playbooks                                          8.56 kB         177 kB
├ ○ /portal/assessment                                                 204 B         229 kB
├ ○ /portal/assessment-beta                                            306 B         229 kB
├ ƒ /portal/assessment-beta/[id]                                       344 B         229 kB
├ ƒ /portal/assessment/[id]                                            204 B         229 kB
├ ○ /portal/assign_matome                                            5.92 kB         211 kB
├ ○ /portal/audit_log                                                2.77 kB         171 kB
├ ○ /portal/badge                                                    2.38 kB         176 kB
├ ○ /portal/bento                                                      180 B         172 kB
├ ○ /portal/bento/admin                                              7.35 kB         175 kB
├ ƒ /portal/cs_docs                                                    157 B         213 kB
├ ƒ /portal/cs_docs-beta                                               157 B         213 kB
├ ○ /portal/dashboard                                                7.51 kB         189 kB
├ ○ /portal/disability-check                                         7.75 kB         179 kB
├ ○ /portal/disability-check-beta                                      204 B         216 kB
├ ○ /portal/disability-check-menu-beta                                 290 B         216 kB
├ ○ /portal/driving_record                                           3.21 kB         171 kB
├ ƒ /portal/entry-detail/[id]                                        22.4 kB         236 kB
├ ○ /portal/entry-list                                                6.5 kB         178 kB
├ ○ /portal/event-tasks                                              9.85 kB         211 kB
├ ○ /portal/event-template                                           7.59 kB         189 kB
├ ○ /portal/expense-claims                                           6.49 kB         178 kB
├ ○ /portal/fax                                                      3.67 kB         117 kB
├ ○ /portal/fax-history                                              1.76 kB         174 kB
├ ○ /portal/fax-sending                                              5.61 kB         184 kB
├ ○ /portal/health-check-results                                     2.82 kB         171 kB
├ ○ /portal/jisseki-beta/print                                       7.82 kB         116 kB
├ ○ /portal/jisseki-beta/print/bulk                                  9.59 kB         182 kB
├ ○ /portal/jisseki/print                                            7.72 kB         117 kB
├ ○ /portal/jisseki/print/bulk                                       9.23 kB         183 kB
├ ○ /portal/kaipoke-info                                             10.3 kB         215 kB
├ ƒ /portal/kaipoke-info-detail-beta/[id]                              296 B         232 kB
├ ƒ /portal/kaipoke-info-detail-beta/[id]/monitoring                   268 B         177 kB
├ ƒ /portal/kaipoke-info-detail-beta/[id]/monitoring/[monitoringId]    270 B         180 kB
├ ƒ /portal/kaipoke-info-detail/[id]                                   211 B         232 kB
├ ƒ /portal/kaipoke-info-detail/[id]/monitoring                        184 B         177 kB
├ ƒ /portal/kaipoke-info-detail/[id]/monitoring/[monitoringId]         183 B         180 kB
├ ○ /portal/knowledge-automation                                     10.5 kB         179 kB
├ ○ /portal/monthly-meeting-check                                      179 B         173 kB
├ ○ /portal/my-shift-calendar                                        3.93 kB         188 kB
├ ○ /portal/notification-determination                               5.22 kB         173 kB
├ ○ /portal/orgIcons                                                 4.79 kB         188 kB
├ ○ /portal/parking_cs_places                                        5.93 kB         179 kB
├ ○ /portal/phone                                                     2.2 kB         116 kB
├ ƒ /portal/plans/[id]/print                                         8.25 kB         176 kB
├ ○ /portal/postal-district                                          3.07 kB         116 kB
├ ƒ /portal/recording-transcripts                                      143 B         178 kB
├ ƒ /portal/roster/daily                                             6.34 kB         226 kB
├ ○ /portal/roster/holiday-shifts                                    3.01 kB         184 kB
├ ○ /portal/roster/monthly                                             203 B         231 kB
├ ○ /portal/roster/monthly-beta                                        287 B         231 kB
├ ○ /portal/roster/monthly/print-view                                6.48 kB         120 kB
├ ○ /portal/roster/monthly/shift-record-view                         8.06 kB         186 kB
├ ○ /portal/roster/weekly                                              186 B         149 kB
├ ○ /portal/roster/weekly-beta                                         272 B         149 kB
├ ○ /portal/rpa_requests                                              5.3 kB         183 kB
├ ○ /portal/rpa_temp/list                                              13 kB         203 kB
├ ƒ /portal/rpa/diagnostics                                          1.01 kB         105 kB
├ ○ /portal/shift                                                      11 kB         237 kB
├ ○ /portal/shift-coordinate                                         8.88 kB         234 kB
├ ○ /portal/shift-coordinate-performance-test                        11.2 kB         229 kB
├ ○ /portal/shift-record-def                                          8.5 kB         122 kB
├ ○ /portal/shift-records                                            12.6 kB         181 kB
├ ○ /portal/shift-reject-performance-test                            19.8 kB         241 kB
├ ○ /portal/shift-service-code                                       4.17 kB         118 kB
├ ○ /portal/shift-view                                               3.81 kB         244 kB
├ ○ /portal/shift-view-beta                                           8.2 kB         248 kB
├ ○ /portal/shift-wish                                               6.31 kB         123 kB
├ ○ /portal/spot-offer-template                                      17.4 kB         219 kB
├ ○ /portal/taimee-applicants                                        1.01 kB         105 kB
├ ƒ /portal/taimee-applicants/[id]                                   3.46 kB         181 kB
├ ○ /portal/taimee-emp                                               11.6 kB         193 kB
├ ○ /portal/test-lineworks                                              1 kB         105 kB
├ ○ /portal/training-goals                                           6.95 kB         178 kB
├ ○ /portal/training-goals/manage                                    3.76 kB         172 kB
├ ○ /portal/user_advance_payment_applications                        9.17 kB         187 kB
├ ○ /portal/user_advance_payment_history                                5 kB         186 kB
├ ○ /portal/user_salary_monthly                                        180 B         175 kB
├ ○ /portal/wf-seisan-shinsei                                        10.2 kB         188 kB
├ ○ /signup                                                            583 B         108 kB
└ ○ /signup/complete                                                 2.57 kB         171 kB
+ First Load JS shared by all                                         104 kB
├ chunks/3466f3f1-d90d592704380a8b.js                              54.2 kB
├ chunks/43706-3140136020c1833a.js                                 46.7 kB
└ other shared chunks (total)                                      2.66 kB
ƒ Middleware                                                         34.1 kB
○  (Static)   prerendered as static content
ƒ  (Dynamic)  server-rendered on demand
Traced Next.js server files in: 45.201ms
Created all serverless functions in: 2.175s
Collected static files (public/, static/, .next/static): 72.325ms
Build Completed in /vercel/output [2m]
Deploying outputs...
[2K[1A[2K[G▲ Production      https://famille-shift-matching-id0lldefg-junkusanos-projects.vercel.app
Completing…
▲ Aliased         https://famille-shift-matching-junkusanos-projects.vercel.app
{
  "status": "ok",
  "deployment": {
    "id": "dpl_FaoT5CxpKp6b9zZg46auQPgdQRAK",
    "url": "https://famille-shift-matching-id0lldefg-junkusanos-projects.vercel.app",
    "inspectorUrl": "https://vercel.com/junkusanos-projects/famille-shift-matching/FaoT5CxpKp6b9zZg46auQPgdQRAK",
    "readyState": "READY",
    "target": "production",
    "deploymentApiUrl": "https://api.vercel.com/v13/deployments/dpl_FaoT5CxpKp6b9zZg46auQPgdQRAK"
  },
  "message": "Deployment famille-shift-matching-id0lldefg-junkusanos-projects.vercel.app ready.",
  "next": [
    {
      "command": "vercel curl https://famille-shift-matching-id0lldefg-junkusanos-projects.vercel.app",
      "when": "Verify deployment, including when Deployment Protection is enabled"
    },
    {
      "command": "vercel inspect famille-shift-matching-id0lldefg-junkusanos-projects.vercel.app --cwd C:/Users/USER/famille_shift_matching/node_modules/.cache/blog-automation-release-20260908",
      "when": "Inspect deployment"
    },
    {
      "command": "vercel deploy --prod --cwd C:/Users/USER/famille_shift_matching/node_modules/.cache/blog-automation-release-20260908",
      "when": "Promote to production"
    }
  ]
}
